2025-04-03 13:58:42 [INFO] - Starting ElkApplication using Java 17.0.14 with PID 6896 (C:\Mesa\elk\target\classes started by Israel in C:\Mesa\elk)
2025-04-03 13:58:42 [INFO] - No active profile set, falling back to 1 default profile: "default"
2025-04-03 13:58:42 [INFO] - Tomcat initialized with port 8080 (http)
2025-04-03 13:58:42 [INFO] - Initializing ProtocolHandler ["http-nio-8080"]
2025-04-03 13:58:42 [INFO] - Starting service [Tomcat]
2025-04-03 13:58:42 [INFO] - Starting Servlet engine: [Apache Tomcat/10.1.39]
2025-04-03 13:58:42 [INFO] - Initializing Spring embedded WebApplicationContext
2025-04-03 13:58:42 [INFO] - Root WebApplicationContext: initialization completed in 694 ms
2025-04-03 13:58:43 [INFO] - Exposing 1 endpoint beneath base path '/actuator'
2025-04-03 13:58:43 [INFO] - Starting ProtocolHandler ["http-nio-8080"]
2025-04-03 13:58:43 [INFO] - Tomcat started on port 8080 (http) with context path '/'
2025-04-03 13:58:43 [INFO] - Started ElkApplication in 1.537 seconds (process running for 2.146)
2025-04-03 13:58:43 [INFO] - Initializing Spring DispatcherServlet 'dispatcherServlet'
2025-04-03 13:58:43 [INFO] - Initializing Servlet 'dispatcherServlet'
2025-04-03 13:58:43 [INFO] - Completed initialization in 1 ms
2025-04-03 13:59:22 [INFO] - Este é um log de INFO
2025-04-03 13:59:22 [WARN] - Este é um log de WARN
2025-04-03 13:59:22 [ERROR] - Este é um log de ERROR
2025-04-03 14:05:23 [INFO] - Commencing graceful shutdown. Waiting for active requests to complete
2025-04-03 14:05:23 [INFO] - Graceful shutdown complete
2025-04-03 14:20:07 [INFO] - Starting ElkApplication using Java 17.0.14 with PID 14052 (C:\Mesa\elk\target\classes started by Israel in C:\Mesa\elk)
2025-04-03 14:20:07 [INFO] - No active profile set, falling back to 1 default profile: "default"
2025-04-03 14:20:07 [INFO] - Tomcat initialized with port 8080 (http)
2025-04-03 14:20:07 [INFO] - Initializing ProtocolHandler ["http-nio-8080"]
2025-04-03 14:20:07 [INFO] - Starting service [Tomcat]
2025-04-03 14:20:07 [INFO] - Starting Servlet engine: [Apache Tomcat/10.1.39]
2025-04-03 14:20:07 [INFO] - Initializing Spring embedded WebApplicationContext
2025-04-03 14:20:07 [INFO] - Root WebApplicationContext: initialization completed in 634 ms
2025-04-03 14:20:08 [INFO] - Exposing 1 endpoint beneath base path '/actuator'
2025-04-03 14:20:08 [INFO] - Starting ProtocolHandler ["http-nio-8080"]
2025-04-03 14:20:08 [INFO] - Tomcat started on port 8080 (http) with context path '/'
2025-04-03 14:20:08 [INFO] - Started ElkApplication in 1.414 seconds (process running for 1.731)
2025-04-03 14:20:08 [INFO] - Initializing Spring DispatcherServlet 'dispatcherServlet'
2025-04-03 14:20:08 [INFO] - Initializing Servlet 'dispatcherServlet'
2025-04-03 14:20:08 [INFO] - Completed initialization in 1 ms
2025-04-03 14:20:11 [INFO] - Este é um log de INFO
2025-04-03 14:20:11 [WARN] - Este é um log de WARN
2025-04-03 14:20:11 [ERROR] - Este é um log de ERROR
2025-04-03 14:21:03 [INFO] - Commencing graceful shutdown. Waiting for active requests to complete
2025-04-03 14:21:03 [INFO] - Graceful shutdown complete
2025-04-03 14:21:06 [INFO] - Starting ElkApplication using Java 17.0.14 with PID 11920 (C:\Mesa\elk\target\classes started by Israel in C:\Mesa\elk)
2025-04-03 14:21:06 [INFO] - No active profile set, falling back to 1 default profile: "default"
2025-04-03 14:21:07 [INFO] - Tomcat initialized with port 8080 (http)
2025-04-03 14:21:07 [INFO] - Initializing ProtocolHandler ["http-nio-8080"]
2025-04-03 14:21:07 [INFO] - Starting service [Tomcat]
2025-04-03 14:21:07 [INFO] - Starting Servlet engine: [Apache Tomcat/10.1.39]
2025-04-03 14:21:07 [INFO] - Initializing Spring embedded WebApplicationContext
2025-04-03 14:21:07 [INFO] - Root WebApplicationContext: initialization completed in 1414 ms
2025-04-03 14:21:08 [INFO] - Exposing 1 endpoint beneath base path '/actuator'
2025-04-03 14:21:08 [INFO] - Starting ProtocolHandler ["http-nio-8080"]
2025-04-03 14:21:08 [INFO] - Tomcat started on port 8080 (http) with context path '/'
2025-04-03 14:21:08 [INFO] - Started ElkApplication in 3.065 seconds (process running for 3.69)
2025-04-03 14:21:09 [INFO] - Initializing Spring DispatcherServlet 'dispatcherServlet'
2025-04-03 14:21:09 [INFO] - Initializing Servlet 'dispatcherServlet'
2025-04-03 14:21:09 [INFO] - Completed initialization in 2 ms
2025-04-03 14:28:50 [INFO] - Este é um log de INFO
2025-04-03 14:28:50 [WARN] - Este é um log de WARN
2025-04-03 14:28:50 [ERROR] - Este é um log de ERROR
2025-04-03 14:29:52 [INFO] - Este é um log de INFO
2025-04-03 14:29:52 [WARN] - Este é um log de WARN
2025-04-03 14:29:52 [ERROR] - Este é um log de ERROR
2025-04-03 14:51:07 [INFO] - Commencing graceful shutdown. Waiting for active requests to complete
2025-04-03 14:51:07 [INFO] - Graceful shutdown complete
2025-04-03 15:50:49 [INFO] - Starting ElkApplication using Java 17.0.14 with PID 1336 (C:\Mesa\elk\target\classes started by Israel in C:\Mesa\elk)
2025-04-03 15:50:49 [INFO] - No active profile set, falling back to 1 default profile: "default"
2025-04-03 15:50:50 [INFO] - Tomcat initialized with port 8080 (http)
2025-04-03 15:50:50 [INFO] - Initializing ProtocolHandler ["http-nio-8080"]
2025-04-03 15:50:50 [INFO] - Starting service [Tomcat]
2025-04-03 15:50:50 [INFO] - Starting Servlet engine: [Apache Tomcat/10.1.39]
2025-04-03 15:50:50 [INFO] - Initializing Spring embedded WebApplicationContext
2025-04-03 15:50:50 [INFO] - Root WebApplicationContext: initialization completed in 781 ms
2025-04-03 15:50:51 [INFO] - Exposing 1 endpoint beneath base path '/actuator'
2025-04-03 15:50:51 [INFO] - Starting ProtocolHandler ["http-nio-8080"]
2025-04-03 15:50:51 [INFO] - Tomcat started on port 8080 (http) with context path '/'
2025-04-03 15:50:51 [INFO] - Started ElkApplication in 1.779 seconds (process running for 2.296)
2025-04-03 15:50:51 [INFO] - Initializing Spring DispatcherServlet 'dispatcherServlet'
2025-04-03 15:50:51 [INFO] - Initializing Servlet 'dispatcherServlet'
2025-04-03 15:50:51 [INFO] - Completed initialization in 1 ms
2025-04-03 15:50:58 [INFO] - Este é um log de INFO
2025-04-03 15:50:58 [WARN] - Este é um log de WARN
2025-04-03 15:50:58 [ERROR] - Este é um log de ERROR
2025-04-03 15:55:14 [INFO] - Este é um log de INFO
2025-04-03 15:55:14 [WARN] - Este é um log de WARN
2025-04-03 15:55:14 [ERROR] - Este é um log de ERROR
2025-04-03 17:59:36 [INFO] - Commencing graceful shutdown. Waiting for active requests to complete
2025-04-03 17:59:36 [INFO] - Graceful shutdown complete
